// Jest Snapshot v1, https://goo.gl/fbAQLP

exports[`Given a App component page When it's instantiated Then it should always match this snapshot 1`] = `
<div
  className="App"
>
  <h1>
    Tootattoo
  </h1>
  <p>
    Site under contruction
  </p>
</div>
`;
